=== input ===

---
blockBreak: true
---

:::details
A

---

B
:::

=== ast ===

[
  {
    "type": "yaml",
    "value": "blockBreak: true"
  },
  {
    "type": "containerDirective",
    "name": "details",
    "attributes": {},
    "children": [
      {
        "type": "paragraph",
        "children": [
          {
            "type": "text",
            "value": "A"
          }
        ]
      },
      {
        "type": "thematicBreak"
      },
      {
        "type": "paragraph",
        "children": [
          {
            "type": "text",
            "value": "B"
          }
        ]
      }
    ]
  }
]

=== mdx > parsed ===

[
  {
    "type": "yaml",
    "value": "blockBreak: true"
  },
  {
    "type": "mdxJsxFlowElement",
    "name": "details",
    "attributes": [],
    "children": [
      {
        "type": "paragraph",
        "children": [
          {
            "type": "text",
            "value": "A"
          }
        ]
      }
    ]
  },
  {
    "type": "mdxJsxFlowElement",
    "name": "details",
    "attributes": [],
    "children": [
      {
        "type": "paragraph",
        "children": [
          {
            "type": "text",
            "value": "B"
          }
        ]
      }
    ]
  }
]

=== mdx > output1 ===

---
blockBreak: true
---

<details>
  A
</details>

<details>
  B
</details>

=== mdx > output2 ===

---
blockBreak: true
---

<details>
  A
</details>

<details>
  B
</details>

=== html > parsed ===

[
  {
    "type": "yaml",
    "value": "blockBreak: true"
  },
  {
    "type": "html",
    "value": "<details>"
  },
  {
    "type": "paragraph",
    "children": [
      {
        "type": "text",
        "value": "A"
      }
    ]
  },
  {
    "type": "html",
    "value": "</details>"
  },
  {
    "type": "html",
    "value": "<details>"
  },
  {
    "type": "paragraph",
    "children": [
      {
        "type": "text",
        "value": "B"
      }
    ]
  },
  {
    "type": "html",
    "value": "</details>"
  }
]

=== html > output1 ===

---
blockBreak: true
---

<details>

A

</details>

<details>

B

</details>

=== html > output2 ===

---
blockBreak: true
---

<details>

A

</details>

<details>

B

</details>
