=== input ===

---
blockBreak: true
---

:::summary
A

---

B
:::

=== ast ===

[
  {
    "type": "yaml",
    "value": "blockBreak: true"
  },
  {
    "type": "containerDirective",
    "name": "summary",
    "attributes": {},
    "children": [
      {
        "type": "paragraph",
        "children": [
          {
            "type": "text",
            "value": "A"
          }
        ]
      },
      {
        "type": "thematicBreak"
      },
      {
        "type": "paragraph",
        "children": [
          {
            "type": "text",
            "value": "B"
          }
        ]
      }
    ]
  }
]

=== mdx > parsed ===

[
  {
    "type": "yaml",
    "value": "blockBreak: true"
  },
  {
    "type": "mdxJsxFlowElement",
    "name": "summary",
    "attributes": [],
    "children": [
      {
        "type": "paragraph",
        "children": [
          {
            "type": "text",
            "value": "A"
          }
        ]
      },
      {
        "type": "thematicBreak"
      },
      {
        "type": "paragraph",
        "children": [
          {
            "type": "text",
            "value": "B"
          }
        ]
      }
    ]
  }
]

=== mdx > output1 ===

---
blockBreak: true
---

<summary>
  A

  ***

  B
</summary>

=== mdx > output2 ===

---
blockBreak: true
---

<summary>
  A

  ***

  B
</summary>

=== html > parsed ===

[
  {
    "type": "yaml",
    "value": "blockBreak: true"
  },
  {
    "type": "html",
    "value": "<summary>"
  },
  {
    "type": "paragraph",
    "children": [
      {
        "type": "text",
        "value": "A"
      }
    ]
  },
  {
    "type": "thematicBreak"
  },
  {
    "type": "paragraph",
    "children": [
      {
        "type": "text",
        "value": "B"
      }
    ]
  },
  {
    "type": "html",
    "value": "</summary>"
  }
]

=== html > output1 ===

---
blockBreak: true
---

<summary>

A

***

B

</summary>

=== html > output2 ===

---
blockBreak: true
---

<summary>

A

***

B

</summary>
