=== input ===

---
blockBreak: true
---

:::dialog
A

---

B
:::

=== ast ===

[
  {
    "type": "yaml",
    "value": "blockBreak: true"
  },
  {
    "type": "containerDirective",
    "name": "dialog",
    "attributes": {},
    "children": [
      {
        "type": "paragraph",
        "children": [
          {
            "type": "text",
            "value": "A"
          }
        ]
      },
      {
        "type": "thematicBreak"
      },
      {
        "type": "paragraph",
        "children": [
          {
            "type": "text",
            "value": "B"
          }
        ]
      }
    ]
  }
]

=== mdx > parsed ===

[
  {
    "type": "yaml",
    "value": "blockBreak: true"
  },
  {
    "type": "mdxJsxFlowElement",
    "name": "dialog",
    "attributes": [],
    "children": [
      {
        "type": "paragraph",
        "children": [
          {
            "type": "text",
            "value": "A"
          }
        ]
      },
      {
        "type": "thematicBreak"
      },
      {
        "type": "paragraph",
        "children": [
          {
            "type": "text",
            "value": "B"
          }
        ]
      }
    ]
  }
]

=== mdx > output1 ===

---
blockBreak: true
---

<dialog>
  A

  ***

  B
</dialog>

=== mdx > output2 ===

---
blockBreak: true
---

<dialog>
  A

  ***

  B
</dialog>

=== html > parsed ===

[
  {
    "type": "yaml",
    "value": "blockBreak: true"
  },
  {
    "type": "html",
    "value": "<dialog>"
  },
  {
    "type": "paragraph",
    "children": [
      {
        "type": "text",
        "value": "A"
      }
    ]
  },
  {
    "type": "thematicBreak"
  },
  {
    "type": "paragraph",
    "children": [
      {
        "type": "text",
        "value": "B"
      }
    ]
  },
  {
    "type": "html",
    "value": "</dialog>"
  }
]

=== html > output1 ===

---
blockBreak: true
---

<dialog>

A

***

B

</dialog>

=== html > output2 ===

---
blockBreak: true
---

<dialog>

A

***

B

</dialog>
