=== input ===

---
blockBreak: 'yes'
---

:::div
A

---

B
:::

=== ast ===

[
  {
    "type": "yaml",
    "value": "blockBreak: 'yes'"
  },
  {
    "type": "containerDirective",
    "name": "div",
    "attributes": {},
    "children": [
      {
        "type": "paragraph",
        "children": [
          {
            "type": "text",
            "value": "A"
          }
        ]
      },
      {
        "type": "thematicBreak"
      },
      {
        "type": "paragraph",
        "children": [
          {
            "type": "text",
            "value": "B"
          }
        ]
      }
    ]
  }
]

=== mdx > parsed ===

[
  {
    "type": "yaml",
    "value": "blockBreak: 'yes'"
  },
  {
    "type": "mdxJsxFlowElement",
    "name": "div",
    "attributes": [],
    "children": [
      {
        "type": "paragraph",
        "children": [
          {
            "type": "text",
            "value": "A"
          }
        ]
      },
      {
        "type": "thematicBreak"
      },
      {
        "type": "paragraph",
        "children": [
          {
            "type": "text",
            "value": "B"
          }
        ]
      }
    ]
  }
]

=== mdx > output1 ===

---
blockBreak: 'yes'
---

<div>
  A

  ***

  B
</div>

=== mdx > output2 ===

---
blockBreak: 'yes'
---

<div>
  A

  ***

  B
</div>

=== html > parsed ===

[
  {
    "type": "yaml",
    "value": "blockBreak: 'yes'"
  },
  {
    "type": "html",
    "value": "<div>"
  },
  {
    "type": "paragraph",
    "children": [
      {
        "type": "text",
        "value": "A"
      }
    ]
  },
  {
    "type": "thematicBreak"
  },
  {
    "type": "paragraph",
    "children": [
      {
        "type": "text",
        "value": "B"
      }
    ]
  },
  {
    "type": "html",
    "value": "</div>"
  }
]

=== html > output1 ===

---
blockBreak: 'yes'
---

<div>

A

***

B

</div>

=== html > output2 ===

---
blockBreak: 'yes'
---

<div>

A

***

B

</div>
