=== input ===

---
pageBreak: a4
---

# 封面

首页内容（第一个 `---` 之前，保持原样，不被包裹）。

---

# 第 2 页

第二段内容（被包裹进 div.a4）。

---

# 第 3 页

第三段内容（被包裹进 div.a4）。

=== ast ===

[
  {
    "type": "yaml",
    "value": "pageBreak: a4"
  },
  {
    "type": "heading",
    "depth": 1,
    "children": [
      {
        "type": "text",
        "value": "封面"
      }
    ]
  },
  {
    "type": "paragraph",
    "children": [
      {
        "type": "text",
        "value": "首页内容（第一个 "
      },
      {
        "type": "inlineCode",
        "value": "---"
      },
      {
        "type": "text",
        "value": " 之前，保持原样，不被包裹）。"
      }
    ]
  },
  {
    "type": "thematicBreak"
  },
  {
    "type": "heading",
    "depth": 1,
    "children": [
      {
        "type": "text",
        "value": "第 2 页"
      }
    ]
  },
  {
    "type": "paragraph",
    "children": [
      {
        "type": "text",
        "value": "第二段内容（被包裹进 div.a4）。"
      }
    ]
  },
  {
    "type": "thematicBreak"
  },
  {
    "type": "heading",
    "depth": 1,
    "children": [
      {
        "type": "text",
        "value": "第 3 页"
      }
    ]
  },
  {
    "type": "paragraph",
    "children": [
      {
        "type": "text",
        "value": "第三段内容（被包裹进 div.a4）。"
      }
    ]
  }
]

=== mdx > parsed ===

[
  {
    "type": "yaml",
    "value": "pageBreak: a4"
  },
  {
    "type": "heading",
    "depth": 1,
    "children": [
      {
        "type": "text",
        "value": "封面"
      }
    ]
  },
  {
    "type": "paragraph",
    "children": [
      {
        "type": "text",
        "value": "首页内容（第一个 "
      },
      {
        "type": "inlineCode",
        "value": "---"
      },
      {
        "type": "text",
        "value": " 之前，保持原样，不被包裹）。"
      }
    ]
  },
  {
    "type": "mdxJsxFlowElement",
    "name": "div",
    "attributes": [
      {
        "type": "mdxJsxAttribute",
        "name": "className",
        "value": "a4"
      }
    ],
    "children": [
      {
        "type": "heading",
        "depth": 1,
        "children": [
          {
            "type": "text",
            "value": "第 2 页"
          }
        ]
      },
      {
        "type": "paragraph",
        "children": [
          {
            "type": "text",
            "value": "第二段内容（被包裹进 div.a4）。"
          }
        ]
      }
    ]
  },
  {
    "type": "mdxJsxFlowElement",
    "name": "div",
    "attributes": [
      {
        "type": "mdxJsxAttribute",
        "name": "className",
        "value": "a4"
      }
    ],
    "children": [
      {
        "type": "heading",
        "depth": 1,
        "children": [
          {
            "type": "text",
            "value": "第 3 页"
          }
        ]
      },
      {
        "type": "paragraph",
        "children": [
          {
            "type": "text",
            "value": "第三段内容（被包裹进 div.a4）。"
          }
        ]
      }
    ]
  }
]

=== mdx > output1 ===

---
pageBreak: a4
---

# 封面

首页内容（第一个 `---` 之前，保持原样，不被包裹）。

<div className="a4">
  # 第 2 页

  第二段内容（被包裹进 div.a4）。
</div>

<div className="a4">
  # 第 3 页

  第三段内容（被包裹进 div.a4）。
</div>

=== mdx > output2 ===

---
pageBreak: a4
---

# 封面

首页内容（第一个 `---` 之前，保持原样，不被包裹）。

<div className="a4">
  # 第 2 页

  第二段内容（被包裹进 div.a4）。
</div>

<div className="a4">
  # 第 3 页

  第三段内容（被包裹进 div.a4）。
</div>

=== html > parsed ===

[
  {
    "type": "yaml",
    "value": "pageBreak: a4"
  },
  {
    "type": "heading",
    "depth": 1,
    "children": [
      {
        "type": "text",
        "value": "封面"
      }
    ]
  },
  {
    "type": "paragraph",
    "children": [
      {
        "type": "text",
        "value": "首页内容（第一个 "
      },
      {
        "type": "inlineCode",
        "value": "---"
      },
      {
        "type": "text",
        "value": " 之前，保持原样，不被包裹）。"
      }
    ]
  },
  {
    "type": "html",
    "value": "<div class=\"a4\">"
  },
  {
    "type": "heading",
    "depth": 1,
    "children": [
      {
        "type": "text",
        "value": "第 2 页"
      }
    ]
  },
  {
    "type": "paragraph",
    "children": [
      {
        "type": "text",
        "value": "第二段内容（被包裹进 div.a4）。"
      }
    ]
  },
  {
    "type": "html",
    "value": "</div>"
  },
  {
    "type": "html",
    "value": "<div class=\"a4\">"
  },
  {
    "type": "heading",
    "depth": 1,
    "children": [
      {
        "type": "text",
        "value": "第 3 页"
      }
    ]
  },
  {
    "type": "paragraph",
    "children": [
      {
        "type": "text",
        "value": "第三段内容（被包裹进 div.a4）。"
      }
    ]
  },
  {
    "type": "html",
    "value": "</div>"
  }
]

=== html > output1 ===

---
pageBreak: a4
---

# 封面

首页内容（第一个 `---` 之前，保持原样，不被包裹）。

<div class="a4">

# 第 2 页

第二段内容（被包裹进 div.a4）。

</div>

<div class="a4">

# 第 3 页

第三段内容（被包裹进 div.a4）。

</div>

=== html > output2 ===

---
pageBreak: a4
---

# 封面

首页内容（第一个 `---` 之前，保持原样，不被包裹）。

<div class="a4">

# 第 2 页

第二段内容（被包裹进 div.a4）。

</div>

<div class="a4">

# 第 3 页

第三段内容（被包裹进 div.a4）。

</div>
