=== input ===

---
pageBreak: a4
---

import Foo from './foo.mdx';

# 封面

首页内容（含 import，第一个 `---` 之前，保持原样）。

---

# 第 2 页

第二段内容（被包裹进 div.a4）。

=== ast ===

[
  {
    "type": "yaml",
    "value": "pageBreak: a4"
  },
  {
    "type": "mdxjsEsm",
    "value": "import Foo from './foo.mdx';",
    "data": {
      "estree": {
        "type": "Program",
        "start": 23,
        "end": 51,
        "loc": {
          "start": {
            "line": 5,
            "column": 0,
            "offset": 23
          },
          "end": {
            "line": 5,
            "column": 28,
            "offset": 51
          }
        },
        "body": [
          {
            "type": "ImportDeclaration",
            "start": 23,
            "end": 51,
            "loc": {
              "start": {
                "line": 5,
                "column": 0,
                "offset": 23
              },
              "end": {
                "line": 5,
                "column": 28,
                "offset": 51
              }
            },
            "specifiers": [
              {
                "type": "ImportDefaultSpecifier",
                "start": 30,
                "end": 33,
                "loc": {
                  "start": {
                    "line": 5,
                    "column": 7,
                    "offset": 30
                  },
                  "end": {
                    "line": 5,
                    "column": 10,
                    "offset": 33
                  }
                },
                "local": {
                  "type": "Identifier",
                  "start": 30,
                  "end": 33,
                  "loc": {
                    "start": {
                      "line": 5,
                      "column": 7,
                      "offset": 30
                    },
                    "end": {
                      "line": 5,
                      "column": 10,
                      "offset": 33
                    }
                  },
                  "name": "Foo",
                  "range": [
                    30,
                    33
                  ]
                },
                "range": [
                  30,
                  33
                ]
              }
            ],
            "source": {
              "type": "Literal",
              "start": 39,
              "end": 50,
              "loc": {
                "start": {
                  "line": 5,
                  "column": 16,
                  "offset": 39
                },
                "end": {
                  "line": 5,
                  "column": 27,
                  "offset": 50
                }
              },
              "value": "./foo.mdx",
              "raw": "'./foo.mdx'",
              "range": [
                39,
                50
              ]
            },
            "range": [
              23,
              51
            ]
          }
        ],
        "sourceType": "module",
        "comments": [],
        "range": [
          23,
          51
        ]
      }
    }
  },
  {
    "type": "heading",
    "depth": 1,
    "children": [
      {
        "type": "text",
        "value": "封面"
      }
    ]
  },
  {
    "type": "paragraph",
    "children": [
      {
        "type": "text",
        "value": "首页内容（含 import，第一个 "
      },
      {
        "type": "inlineCode",
        "value": "---"
      },
      {
        "type": "text",
        "value": " 之前，保持原样）。"
      }
    ]
  },
  {
    "type": "thematicBreak"
  },
  {
    "type": "heading",
    "depth": 1,
    "children": [
      {
        "type": "text",
        "value": "第 2 页"
      }
    ]
  },
  {
    "type": "paragraph",
    "children": [
      {
        "type": "text",
        "value": "第二段内容（被包裹进 div.a4）。"
      }
    ]
  }
]

=== mdx > parsed ===

[
  {
    "type": "yaml",
    "value": "pageBreak: a4"
  },
  {
    "type": "mdxjsEsm",
    "value": "import Foo from './foo.mdx';",
    "data": {
      "estree": {
        "type": "Program",
        "start": 23,
        "end": 51,
        "loc": {
          "start": {
            "line": 5,
            "column": 0,
            "offset": 23
          },
          "end": {
            "line": 5,
            "column": 28,
            "offset": 51
          }
        },
        "body": [
          {
            "type": "ImportDeclaration",
            "start": 23,
            "end": 51,
            "loc": {
              "start": {
                "line": 5,
                "column": 0,
                "offset": 23
              },
              "end": {
                "line": 5,
                "column": 28,
                "offset": 51
              }
            },
            "specifiers": [
              {
                "type": "ImportDefaultSpecifier",
                "start": 30,
                "end": 33,
                "loc": {
                  "start": {
                    "line": 5,
                    "column": 7,
                    "offset": 30
                  },
                  "end": {
                    "line": 5,
                    "column": 10,
                    "offset": 33
                  }
                },
                "local": {
                  "type": "Identifier",
                  "start": 30,
                  "end": 33,
                  "loc": {
                    "start": {
                      "line": 5,
                      "column": 7,
                      "offset": 30
                    },
                    "end": {
                      "line": 5,
                      "column": 10,
                      "offset": 33
                    }
                  },
                  "name": "Foo",
                  "range": [
                    30,
                    33
                  ]
                },
                "range": [
                  30,
                  33
                ]
              }
            ],
            "source": {
              "type": "Literal",
              "start": 39,
              "end": 50,
              "loc": {
                "start": {
                  "line": 5,
                  "column": 16,
                  "offset": 39
                },
                "end": {
                  "line": 5,
                  "column": 27,
                  "offset": 50
                }
              },
              "value": "./foo.mdx",
              "raw": "'./foo.mdx'",
              "range": [
                39,
                50
              ]
            },
            "range": [
              23,
              51
            ]
          }
        ],
        "sourceType": "module",
        "comments": [],
        "range": [
          23,
          51
        ]
      }
    }
  },
  {
    "type": "heading",
    "depth": 1,
    "children": [
      {
        "type": "text",
        "value": "封面"
      }
    ]
  },
  {
    "type": "paragraph",
    "children": [
      {
        "type": "text",
        "value": "首页内容（含 import，第一个 "
      },
      {
        "type": "inlineCode",
        "value": "---"
      },
      {
        "type": "text",
        "value": " 之前，保持原样）。"
      }
    ]
  },
  {
    "type": "mdxJsxFlowElement",
    "name": "div",
    "attributes": [
      {
        "type": "mdxJsxAttribute",
        "name": "className",
        "value": "a4"
      }
    ],
    "children": [
      {
        "type": "heading",
        "depth": 1,
        "children": [
          {
            "type": "text",
            "value": "第 2 页"
          }
        ]
      },
      {
        "type": "paragraph",
        "children": [
          {
            "type": "text",
            "value": "第二段内容（被包裹进 div.a4）。"
          }
        ]
      }
    ]
  }
]

=== mdx > output1 ===

---
pageBreak: a4
---

import Foo from './foo.mdx';

# 封面

首页内容（含 import，第一个 `---` 之前，保持原样）。

<div className="a4">
  # 第 2 页

  第二段内容（被包裹进 div.a4）。
</div>

=== mdx > output2 ===

---
pageBreak: a4
---

import Foo from './foo.mdx';

# 封面

首页内容（含 import，第一个 `---` 之前，保持原样）。

<div className="a4">
  # 第 2 页

  第二段内容（被包裹进 div.a4）。
</div>

=== html > parsed ===

[
  {
    "type": "yaml",
    "value": "pageBreak: a4"
  },
  {
    "type": "paragraph",
    "children": [
      {
        "type": "text",
        "value": "import Foo from './foo.mdx';"
      }
    ]
  },
  {
    "type": "heading",
    "depth": 1,
    "children": [
      {
        "type": "text",
        "value": "封面"
      }
    ]
  },
  {
    "type": "paragraph",
    "children": [
      {
        "type": "text",
        "value": "首页内容（含 import，第一个 "
      },
      {
        "type": "inlineCode",
        "value": "---"
      },
      {
        "type": "text",
        "value": " 之前，保持原样）。"
      }
    ]
  },
  {
    "type": "html",
    "value": "<div class=\"a4\">"
  },
  {
    "type": "heading",
    "depth": 1,
    "children": [
      {
        "type": "text",
        "value": "第 2 页"
      }
    ]
  },
  {
    "type": "paragraph",
    "children": [
      {
        "type": "text",
        "value": "第二段内容（被包裹进 div.a4）。"
      }
    ]
  },
  {
    "type": "html",
    "value": "</div>"
  }
]

=== html > output1 ===

---
pageBreak: a4
---

import Foo from './foo.mdx';

# 封面

首页内容（含 import，第一个 `---` 之前，保持原样）。

<div class="a4">

# 第 2 页

第二段内容（被包裹进 div.a4）。

</div>

=== html > output2 ===

---
pageBreak: a4
---

import Foo from './foo.mdx';

# 封面

首页内容（含 import，第一个 `---` 之前，保持原样）。

<div class="a4">

# 第 2 页

第二段内容（被包裹进 div.a4）。

</div>
