=== input ===

---
pageBreak: a4
---

---

# 第 1 页

文档以 `---` 开头，首个 `---` 前没有任何内容，因此不存在保留段，全部被包裹进 div.a4。

---

# 第 2 页

第二段（被包裹进 div.a4）。

=== ast ===

[
  {
    "type": "yaml",
    "value": "pageBreak: a4"
  },
  {
    "type": "thematicBreak"
  },
  {
    "type": "heading",
    "depth": 1,
    "children": [
      {
        "type": "text",
        "value": "第 1 页"
      }
    ]
  },
  {
    "type": "paragraph",
    "children": [
      {
        "type": "text",
        "value": "文档以 "
      },
      {
        "type": "inlineCode",
        "value": "---"
      },
      {
        "type": "text",
        "value": " 开头，首个 "
      },
      {
        "type": "inlineCode",
        "value": "---"
      },
      {
        "type": "text",
        "value": " 前没有任何内容，因此不存在保留段，全部被包裹进 div.a4。"
      }
    ]
  },
  {
    "type": "thematicBreak"
  },
  {
    "type": "heading",
    "depth": 1,
    "children": [
      {
        "type": "text",
        "value": "第 2 页"
      }
    ]
  },
  {
    "type": "paragraph",
    "children": [
      {
        "type": "text",
        "value": "第二段（被包裹进 div.a4）。"
      }
    ]
  }
]

=== mdx > parsed ===

[
  {
    "type": "yaml",
    "value": "pageBreak: a4"
  },
  {
    "type": "mdxJsxFlowElement",
    "name": "div",
    "attributes": [
      {
        "type": "mdxJsxAttribute",
        "name": "className",
        "value": "a4"
      }
    ],
    "children": [
      {
        "type": "heading",
        "depth": 1,
        "children": [
          {
            "type": "text",
            "value": "第 1 页"
          }
        ]
      },
      {
        "type": "paragraph",
        "children": [
          {
            "type": "text",
            "value": "文档以 "
          },
          {
            "type": "inlineCode",
            "value": "---"
          },
          {
            "type": "text",
            "value": " 开头，首个 "
          },
          {
            "type": "inlineCode",
            "value": "---"
          },
          {
            "type": "text",
            "value": " 前没有任何内容，因此不存在保留段，全部被包裹进 div.a4。"
          }
        ]
      }
    ]
  },
  {
    "type": "mdxJsxFlowElement",
    "name": "div",
    "attributes": [
      {
        "type": "mdxJsxAttribute",
        "name": "className",
        "value": "a4"
      }
    ],
    "children": [
      {
        "type": "heading",
        "depth": 1,
        "children": [
          {
            "type": "text",
            "value": "第 2 页"
          }
        ]
      },
      {
        "type": "paragraph",
        "children": [
          {
            "type": "text",
            "value": "第二段（被包裹进 div.a4）。"
          }
        ]
      }
    ]
  }
]

=== mdx > output1 ===

---
pageBreak: a4
---

<div className="a4">
  # 第 1 页

  文档以 `---` 开头，首个 `---` 前没有任何内容，因此不存在保留段，全部被包裹进 div.a4。
</div>

<div className="a4">
  # 第 2 页

  第二段（被包裹进 div.a4）。
</div>

=== mdx > output2 ===

---
pageBreak: a4
---

<div className="a4">
  # 第 1 页

  文档以 `---` 开头，首个 `---` 前没有任何内容，因此不存在保留段，全部被包裹进 div.a4。
</div>

<div className="a4">
  # 第 2 页

  第二段（被包裹进 div.a4）。
</div>

=== html > parsed ===

[
  {
    "type": "yaml",
    "value": "pageBreak: a4"
  },
  {
    "type": "html",
    "value": "<div class=\"a4\">"
  },
  {
    "type": "heading",
    "depth": 1,
    "children": [
      {
        "type": "text",
        "value": "第 1 页"
      }
    ]
  },
  {
    "type": "paragraph",
    "children": [
      {
        "type": "text",
        "value": "文档以 "
      },
      {
        "type": "inlineCode",
        "value": "---"
      },
      {
        "type": "text",
        "value": " 开头，首个 "
      },
      {
        "type": "inlineCode",
        "value": "---"
      },
      {
        "type": "text",
        "value": " 前没有任何内容，因此不存在保留段，全部被包裹进 div.a4。"
      }
    ]
  },
  {
    "type": "html",
    "value": "</div>"
  },
  {
    "type": "html",
    "value": "<div class=\"a4\">"
  },
  {
    "type": "heading",
    "depth": 1,
    "children": [
      {
        "type": "text",
        "value": "第 2 页"
      }
    ]
  },
  {
    "type": "paragraph",
    "children": [
      {
        "type": "text",
        "value": "第二段（被包裹进 div.a4）。"
      }
    ]
  },
  {
    "type": "html",
    "value": "</div>"
  }
]

=== html > output1 ===

---
pageBreak: a4
---

<div class="a4">

# 第 1 页

文档以 `---` 开头，首个 `---` 前没有任何内容，因此不存在保留段，全部被包裹进 div.a4。

</div>

<div class="a4">

# 第 2 页

第二段（被包裹进 div.a4）。

</div>

=== html > output2 ===

---
pageBreak: a4
---

<div class="a4">

# 第 1 页

文档以 `---` 开头，首个 `---` 前没有任何内容，因此不存在保留段，全部被包裹进 div.a4。

</div>

<div class="a4">

# 第 2 页

第二段（被包裹进 div.a4）。

</div>
