=== input ===

---
pageBreak: a4
---

---

A

---

B

=== ast ===

[
  {
    "type": "yaml",
    "value": "pageBreak: a4"
  },
  {
    "type": "thematicBreak"
  },
  {
    "type": "paragraph",
    "children": [
      {
        "type": "text",
        "value": "A"
      }
    ]
  },
  {
    "type": "thematicBreak"
  },
  {
    "type": "paragraph",
    "children": [
      {
        "type": "text",
        "value": "B"
      }
    ]
  }
]

=== mdx > parsed ===

[
  {
    "type": "yaml",
    "value": "pageBreak: a4"
  },
  {
    "type": "mdxJsxFlowElement",
    "name": "div",
    "attributes": [
      {
        "type": "mdxJsxAttribute",
        "name": "className",
        "value": "a4"
      }
    ],
    "children": [
      {
        "type": "paragraph",
        "children": [
          {
            "type": "text",
            "value": "A"
          }
        ]
      }
    ]
  },
  {
    "type": "mdxJsxFlowElement",
    "name": "div",
    "attributes": [
      {
        "type": "mdxJsxAttribute",
        "name": "className",
        "value": "a4"
      }
    ],
    "children": [
      {
        "type": "paragraph",
        "children": [
          {
            "type": "text",
            "value": "B"
          }
        ]
      }
    ]
  }
]

=== mdx > output1 ===

---
pageBreak: a4
---

<div className="a4">
  A
</div>

<div className="a4">
  B
</div>

=== mdx > output2 ===

---
pageBreak: a4
---

<div className="a4">
  A
</div>

<div className="a4">
  B
</div>

=== html > parsed ===

[
  {
    "type": "yaml",
    "value": "pageBreak: a4"
  },
  {
    "type": "html",
    "value": "<div class=\"a4\">"
  },
  {
    "type": "paragraph",
    "children": [
      {
        "type": "text",
        "value": "A"
      }
    ]
  },
  {
    "type": "html",
    "value": "</div>"
  },
  {
    "type": "html",
    "value": "<div class=\"a4\">"
  },
  {
    "type": "paragraph",
    "children": [
      {
        "type": "text",
        "value": "B"
      }
    ]
  },
  {
    "type": "html",
    "value": "</div>"
  }
]

=== html > output1 ===

---
pageBreak: a4
---

<div class="a4">

A

</div>

<div class="a4">

B

</div>

=== html > output2 ===

---
pageBreak: a4
---

<div class="a4">

A

</div>

<div class="a4">

B

</div>
